// Jest Snapshot v1, https://goo.gl/fbAQLP

exports[`snapshot tests should mount the app 1`] = `
<Performance
  networkEvents={Object {}}
>
  <div
    className="makeStyles-root-1"
  >
    <WithStyles(ForwardRef(Grid))
      container={true}
      spacing={0}
    >
      <ForwardRef(Grid)
        classes={
          Object {
            "align-content-xs-center": "MuiGrid-align-content-xs-center",
            "align-content-xs-flex-end": "MuiGrid-align-content-xs-flex-end",
            "align-content-xs-flex-start": "MuiGrid-align-content-xs-flex-start",
            "align-content-xs-space-around": "MuiGrid-align-content-xs-space-around",
            "align-content-xs-space-between": "MuiGrid-align-content-xs-space-between",
            "align-items-xs-baseline": "MuiGrid-align-items-xs-baseline",
            "align-items-xs-center": "MuiGrid-align-items-xs-center",
            "align-items-xs-flex-end": "MuiGrid-align-items-xs-flex-end",
            "align-items-xs-flex-start": "MuiGrid-align-items-xs-flex-start",
            "container": "MuiGrid-container",
            "direction-xs-column": "MuiGrid-direction-xs-column",
            "direction-xs-column-reverse": "MuiGrid-direction-xs-column-reverse",
            "direction-xs-row-reverse": "MuiGrid-direction-xs-row-reverse",
            "grid-lg-1": "MuiGrid-grid-lg-1",
            "grid-lg-10": "MuiGrid-grid-lg-10",
            "grid-lg-11": "MuiGrid-grid-lg-11",
            "grid-lg-12": "MuiGrid-grid-lg-12",
            "grid-lg-2": "MuiGrid-grid-lg-2",
            "grid-lg-3": "MuiGrid-grid-lg-3",
            "grid-lg-4": "MuiGrid-grid-lg-4",
            "grid-lg-5": "MuiGrid-grid-lg-5",
            "grid-lg-6": "MuiGrid-grid-lg-6",
            "grid-lg-7": "MuiGrid-grid-lg-7",
            "grid-lg-8": "MuiGrid-grid-lg-8",
            "grid-lg-9": "MuiGrid-grid-lg-9",
            "grid-lg-auto": "MuiGrid-grid-lg-auto",
            "grid-lg-true": "MuiGrid-grid-lg-true",
            "grid-md-1": "MuiGrid-grid-md-1",
            "grid-md-10": "MuiGrid-grid-md-10",
            "grid-md-11": "MuiGrid-grid-md-11",
            "grid-md-12": "MuiGrid-grid-md-12",
            "grid-md-2": "MuiGrid-grid-md-2",
            "grid-md-3": "MuiGrid-grid-md-3",
            "grid-md-4": "MuiGrid-grid-md-4",
            "grid-md-5": "MuiGrid-grid-md-5",
            "grid-md-6": "MuiGrid-grid-md-6",
            "grid-md-7": "MuiGrid-grid-md-7",
            "grid-md-8": "MuiGrid-grid-md-8",
            "grid-md-9": "MuiGrid-grid-md-9",
            "grid-md-auto": "MuiGrid-grid-md-auto",
            "grid-md-true": "MuiGrid-grid-md-true",
            "grid-sm-1": "MuiGrid-grid-sm-1",
            "grid-sm-10": "MuiGrid-grid-sm-10",
            "grid-sm-11": "MuiGrid-grid-sm-11",
            "grid-sm-12": "MuiGrid-grid-sm-12",
            "grid-sm-2": "MuiGrid-grid-sm-2",
            "grid-sm-3": "MuiGrid-grid-sm-3",
            "grid-sm-4": "MuiGrid-grid-sm-4",
            "grid-sm-5": "MuiGrid-grid-sm-5",
            "grid-sm-6": "MuiGrid-grid-sm-6",
            "grid-sm-7": "MuiGrid-grid-sm-7",
            "grid-sm-8": "MuiGrid-grid-sm-8",
            "grid-sm-9": "MuiGrid-grid-sm-9",
            "grid-sm-auto": "MuiGrid-grid-sm-auto",
            "grid-sm-true": "MuiGrid-grid-sm-true",
            "grid-xl-1": "MuiGrid-grid-xl-1",
            "grid-xl-10": "MuiGrid-grid-xl-10",
            "grid-xl-11": "MuiGrid-grid-xl-11",
            "grid-xl-12": "MuiGrid-grid-xl-12",
            "grid-xl-2": "MuiGrid-grid-xl-2",
            "grid-xl-3": "MuiGrid-grid-xl-3",
            "grid-xl-4": "MuiGrid-grid-xl-4",
            "grid-xl-5": "MuiGrid-grid-xl-5",
            "grid-xl-6": "MuiGrid-grid-xl-6",
            "grid-xl-7": "MuiGrid-grid-xl-7",
            "grid-xl-8": "MuiGrid-grid-xl-8",
            "grid-xl-9": "MuiGrid-grid-xl-9",
            "grid-xl-auto": "MuiGrid-grid-xl-auto",
            "grid-xl-true": "MuiGrid-grid-xl-true",
            "grid-xs-1": "MuiGrid-grid-xs-1",
            "grid-xs-10": "MuiGrid-grid-xs-10",
            "grid-xs-11": "MuiGrid-grid-xs-11",
            "grid-xs-12": "MuiGrid-grid-xs-12",
            "grid-xs-2": "MuiGrid-grid-xs-2",
            "grid-xs-3": "MuiGrid-grid-xs-3",
            "grid-xs-4": "MuiGrid-grid-xs-4",
            "grid-xs-5": "MuiGrid-grid-xs-5",
            "grid-xs-6": "MuiGrid-grid-xs-6",
            "grid-xs-7": "MuiGrid-grid-xs-7",
            "grid-xs-8": "MuiGrid-grid-xs-8",
            "grid-xs-9": "MuiGrid-grid-xs-9",
            "grid-xs-auto": "MuiGrid-grid-xs-auto",
            "grid-xs-true": "MuiGrid-grid-xs-true",
            "item": "MuiGrid-item",
            "justify-xs-center": "MuiGrid-justify-xs-center",
            "justify-xs-flex-end": "MuiGrid-justify-xs-flex-end",
            "justify-xs-space-around": "MuiGrid-justify-xs-space-around",
            "justify-xs-space-between": "MuiGrid-justify-xs-space-between",
            "justify-xs-space-evenly": "MuiGrid-justify-xs-space-evenly",
            "root": "MuiGrid-root",
            "spacing-xs-1": "MuiGrid-spacing-xs-1",
            "spacing-xs-10": "MuiGrid-spacing-xs-10",
            "spacing-xs-2": "MuiGrid-spacing-xs-2",
            "spacing-xs-3": "MuiGrid-spacing-xs-3",
            "spacing-xs-4": "MuiGrid-spacing-xs-4",
            "spacing-xs-5": "MuiGrid-spacing-xs-5",
            "spacing-xs-6": "MuiGrid-spacing-xs-6",
            "spacing-xs-7": "MuiGrid-spacing-xs-7",
            "spacing-xs-8": "MuiGrid-spacing-xs-8",
            "spacing-xs-9": "MuiGrid-spacing-xs-9",
            "wrap-xs-nowrap": "MuiGrid-wrap-xs-nowrap",
            "wrap-xs-wrap-reverse": "MuiGrid-wrap-xs-wrap-reverse",
            "zeroMinWidth": "MuiGrid-zeroMinWidth",
          }
        }
        container={true}
        spacing={0}
      >
        <div
          className="MuiGrid-root MuiGrid-container"
        >
          <WithStyles(ForwardRef(Grid))
            className="makeStyles-grid-2"
            item={true}
            xs={4}
          >
            <ForwardRef(Grid)
              className="makeStyles-grid-2"
              classes={
                Object {
                  "align-content-xs-center": "MuiGrid-align-content-xs-center",
                  "align-content-xs-flex-end": "MuiGrid-align-content-xs-flex-end",
                  "align-content-xs-flex-start": "MuiGrid-align-content-xs-flex-start",
                  "align-content-xs-space-around": "MuiGrid-align-content-xs-space-around",
                  "align-content-xs-space-between": "MuiGrid-align-content-xs-space-between",
                  "align-items-xs-baseline": "MuiGrid-align-items-xs-baseline",
                  "align-items-xs-center": "MuiGrid-align-items-xs-center",
                  "align-items-xs-flex-end": "MuiGrid-align-items-xs-flex-end",
                  "align-items-xs-flex-start": "MuiGrid-align-items-xs-flex-start",
                  "container": "MuiGrid-container",
                  "direction-xs-column": "MuiGrid-direction-xs-column",
                  "direction-xs-column-reverse": "MuiGrid-direction-xs-column-reverse",
                  "direction-xs-row-reverse": "MuiGrid-direction-xs-row-reverse",
                  "grid-lg-1": "MuiGrid-grid-lg-1",
                  "grid-lg-10": "MuiGrid-grid-lg-10",
                  "grid-lg-11": "MuiGrid-grid-lg-11",
                  "grid-lg-12": "MuiGrid-grid-lg-12",
                  "grid-lg-2": "MuiGrid-grid-lg-2",
                  "grid-lg-3": "MuiGrid-grid-lg-3",
                  "grid-lg-4": "MuiGrid-grid-lg-4",
                  "grid-lg-5": "MuiGrid-grid-lg-5",
                  "grid-lg-6": "MuiGrid-grid-lg-6",
                  "grid-lg-7": "MuiGrid-grid-lg-7",
                  "grid-lg-8": "MuiGrid-grid-lg-8",
                  "grid-lg-9": "MuiGrid-grid-lg-9",
                  "grid-lg-auto": "MuiGrid-grid-lg-auto",
                  "grid-lg-true": "MuiGrid-grid-lg-true",
                  "grid-md-1": "MuiGrid-grid-md-1",
                  "grid-md-10": "MuiGrid-grid-md-10",
                  "grid-md-11": "MuiGrid-grid-md-11",
                  "grid-md-12": "MuiGrid-grid-md-12",
                  "grid-md-2": "MuiGrid-grid-md-2",
                  "grid-md-3": "MuiGrid-grid-md-3",
                  "grid-md-4": "MuiGrid-grid-md-4",
                  "grid-md-5": "MuiGrid-grid-md-5",
                  "grid-md-6": "MuiGrid-grid-md-6",
                  "grid-md-7": "MuiGrid-grid-md-7",
                  "grid-md-8": "MuiGrid-grid-md-8",
                  "grid-md-9": "MuiGrid-grid-md-9",
                  "grid-md-auto": "MuiGrid-grid-md-auto",
                  "grid-md-true": "MuiGrid-grid-md-true",
                  "grid-sm-1": "MuiGrid-grid-sm-1",
                  "grid-sm-10": "MuiGrid-grid-sm-10",
                  "grid-sm-11": "MuiGrid-grid-sm-11",
                  "grid-sm-12": "MuiGrid-grid-sm-12",
                  "grid-sm-2": "MuiGrid-grid-sm-2",
                  "grid-sm-3": "MuiGrid-grid-sm-3",
                  "grid-sm-4": "MuiGrid-grid-sm-4",
                  "grid-sm-5": "MuiGrid-grid-sm-5",
                  "grid-sm-6": "MuiGrid-grid-sm-6",
                  "grid-sm-7": "MuiGrid-grid-sm-7",
                  "grid-sm-8": "MuiGrid-grid-sm-8",
                  "grid-sm-9": "MuiGrid-grid-sm-9",
                  "grid-sm-auto": "MuiGrid-grid-sm-auto",
                  "grid-sm-true": "MuiGrid-grid-sm-true",
                  "grid-xl-1": "MuiGrid-grid-xl-1",
                  "grid-xl-10": "MuiGrid-grid-xl-10",
                  "grid-xl-11": "MuiGrid-grid-xl-11",
                  "grid-xl-12": "MuiGrid-grid-xl-12",
                  "grid-xl-2": "MuiGrid-grid-xl-2",
                  "grid-xl-3": "MuiGrid-grid-xl-3",
                  "grid-xl-4": "MuiGrid-grid-xl-4",
                  "grid-xl-5": "MuiGrid-grid-xl-5",
                  "grid-xl-6": "MuiGrid-grid-xl-6",
                  "grid-xl-7": "MuiGrid-grid-xl-7",
                  "grid-xl-8": "MuiGrid-grid-xl-8",
                  "grid-xl-9": "MuiGrid-grid-xl-9",
                  "grid-xl-auto": "MuiGrid-grid-xl-auto",
                  "grid-xl-true": "MuiGrid-grid-xl-true",
                  "grid-xs-1": "MuiGrid-grid-xs-1",
                  "grid-xs-10": "MuiGrid-grid-xs-10",
                  "grid-xs-11": "MuiGrid-grid-xs-11",
                  "grid-xs-12": "MuiGrid-grid-xs-12",
                  "grid-xs-2": "MuiGrid-grid-xs-2",
                  "grid-xs-3": "MuiGrid-grid-xs-3",
                  "grid-xs-4": "MuiGrid-grid-xs-4",
                  "grid-xs-5": "MuiGrid-grid-xs-5",
                  "grid-xs-6": "MuiGrid-grid-xs-6",
                  "grid-xs-7": "MuiGrid-grid-xs-7",
                  "grid-xs-8": "MuiGrid-grid-xs-8",
                  "grid-xs-9": "MuiGrid-grid-xs-9",
                  "grid-xs-auto": "MuiGrid-grid-xs-auto",
                  "grid-xs-true": "MuiGrid-grid-xs-true",
                  "item": "MuiGrid-item",
                  "justify-xs-center": "MuiGrid-justify-xs-center",
                  "justify-xs-flex-end": "MuiGrid-justify-xs-flex-end",
                  "justify-xs-space-around": "MuiGrid-justify-xs-space-around",
                  "justify-xs-space-between": "MuiGrid-justify-xs-space-between",
                  "justify-xs-space-evenly": "MuiGrid-justify-xs-space-evenly",
                  "root": "MuiGrid-root",
                  "spacing-xs-1": "MuiGrid-spacing-xs-1",
                  "spacing-xs-10": "MuiGrid-spacing-xs-10",
                  "spacing-xs-2": "MuiGrid-spacing-xs-2",
                  "spacing-xs-3": "MuiGrid-spacing-xs-3",
                  "spacing-xs-4": "MuiGrid-spacing-xs-4",
                  "spacing-xs-5": "MuiGrid-spacing-xs-5",
                  "spacing-xs-6": "MuiGrid-spacing-xs-6",
                  "spacing-xs-7": "MuiGrid-spacing-xs-7",
                  "spacing-xs-8": "MuiGrid-spacing-xs-8",
                  "spacing-xs-9": "MuiGrid-spacing-xs-9",
                  "wrap-xs-nowrap": "MuiGrid-wrap-xs-nowrap",
                  "wrap-xs-wrap-reverse": "MuiGrid-wrap-xs-wrap-reverse",
                  "zeroMinWidth": "MuiGrid-zeroMinWidth",
                }
              }
              item={true}
              xs={4}
            >
              <div
                className="MuiGrid-root makeStyles-grid-2 MuiGrid-item MuiGrid-grid-xs-4"
              >
                <WithStyles(ForwardRef(AppBar))
                  position="static"
                >
                  <ForwardRef(AppBar)
                    classes={
                      Object {
                        "colorDefault": "MuiAppBar-colorDefault",
                        "colorInherit": "MuiAppBar-colorInherit",
                        "colorPrimary": "MuiAppBar-colorPrimary",
                        "colorSecondary": "MuiAppBar-colorSecondary",
                        "colorTransparent": "MuiAppBar-colorTransparent",
                        "positionAbsolute": "MuiAppBar-positionAbsolute",
                        "positionFixed": "MuiAppBar-positionFixed",
                        "positionRelative": "MuiAppBar-positionRelative",
                        "positionStatic": "MuiAppBar-positionStatic",
                        "positionSticky": "MuiAppBar-positionSticky",
                        "root": "MuiAppBar-root",
                      }
                    }
                    position="static"
                  >
                    <WithStyles(ForwardRef(Paper))
                      className="MuiAppBar-root MuiAppBar-positionStatic MuiAppBar-colorPrimary"
                      component="header"
                      elevation={4}
                      square={true}
                    >
                      <ForwardRef(Paper)
                        className="MuiAppBar-root MuiAppBar-positionStatic MuiAppBar-colorPrimary"
                        classes={
                          Object {
                            "elevation0": "MuiPaper-elevation0",
                            "elevation1": "MuiPaper-elevation1",
                            "elevation10": "MuiPaper-elevation10",
                            "elevation11": "MuiPaper-elevation11",
                            "elevation12": "MuiPaper-elevation12",
                            "elevation13": "MuiPaper-elevation13",
                            "elevation14": "MuiPaper-elevation14",
                            "elevation15": "MuiPaper-elevation15",
                            "elevation16": "MuiPaper-elevation16",
                            "elevation17": "MuiPaper-elevation17",
                            "elevation18": "MuiPaper-elevation18",
                            "elevation19": "MuiPaper-elevation19",
                            "elevation2": "MuiPaper-elevation2",
                            "elevation20": "MuiPaper-elevation20",
                            "elevation21": "MuiPaper-elevation21",
                            "elevation22": "MuiPaper-elevation22",
                            "elevation23": "MuiPaper-elevation23",
                            "elevation24": "MuiPaper-elevation24",
                            "elevation3": "MuiPaper-elevation3",
                            "elevation4": "MuiPaper-elevation4",
                            "elevation5": "MuiPaper-elevation5",
                            "elevation6": "MuiPaper-elevation6",
                            "elevation7": "MuiPaper-elevation7",
                            "elevation8": "MuiPaper-elevation8",
                            "elevation9": "MuiPaper-elevation9",
                            "outlined": "MuiPaper-outlined",
                            "root": "MuiPaper-root",
                            "rounded": "MuiPaper-rounded",
                          }
                        }
                        component="header"
                        elevation={4}
                        square={true}
                      >
                        <header
                          className="MuiPaper-root MuiAppBar-root MuiAppBar-positionStatic MuiAppBar-colorPrimary MuiPaper-elevation4"
                        >
                          <WithStyles(ForwardRef(Toolbar))>
                            <ForwardRef(Toolbar)
                              classes={
                                Object {
                                  "dense": "MuiToolbar-dense",
                                  "gutters": "MuiToolbar-gutters",
                                  "regular": "MuiToolbar-regular",
                                  "root": "MuiToolbar-root",
                                }
                              }
                            >
                              <div
                                className="MuiToolbar-root MuiToolbar-regular MuiToolbar-gutters"
                              >
                                <WithStyles(ForwardRef(Typography))
                                  className="makeStyles-titles-4"
                                  color="inherit"
                                  variant="subtitle2"
                                >
                                  <ForwardRef(Typography)
                                    className="makeStyles-titles-4"
                                    classes={
                                      Object {
                                        "alignCenter": "MuiTypography-alignCenter",
                                        "alignJustify": "MuiTypography-alignJustify",
                                        "alignLeft": "MuiTypography-alignLeft",
                                        "alignRight": "MuiTypography-alignRight",
                                        "body1": "MuiTypography-body1",
                                        "body2": "MuiTypography-body2",
                                        "button": "MuiTypography-button",
                                        "caption": "MuiTypography-caption",
                                        "colorError": "MuiTypography-colorError",
                                        "colorInherit": "MuiTypography-colorInherit",
                                        "colorPrimary": "MuiTypography-colorPrimary",
                                        "colorSecondary": "MuiTypography-colorSecondary",
                                        "colorTextPrimary": "MuiTypography-colorTextPrimary",
                                        "colorTextSecondary": "MuiTypography-colorTextSecondary",
                                        "displayBlock": "MuiTypography-displayBlock",
                                        "displayInline": "MuiTypography-displayInline",
                                        "gutterBottom": "MuiTypography-gutterBottom",
                                        "h1": "MuiTypography-h1",
                                        "h2": "MuiTypography-h2",
                                        "h3": "MuiTypography-h3",
                                        "h4": "MuiTypography-h4",
                                        "h5": "MuiTypography-h5",
                                        "h6": "MuiTypography-h6",
                                        "noWrap": "MuiTypography-noWrap",
                                        "overline": "MuiTypography-overline",
                                        "paragraph": "MuiTypography-paragraph",
                                        "root": "MuiTypography-root",
                                        "srOnly": "MuiTypography-srOnly",
                                        "subtitle1": "MuiTypography-subtitle1",
                                        "subtitle2": "MuiTypography-subtitle2",
                                      }
                                    }
                                    color="inherit"
                                    variant="subtitle2"
                                  >
                                    <h6
                                      className="MuiTypography-root makeStyles-titles-4 MuiTypography-subtitle2 MuiTypography-colorInherit"
                                    >
                                      Network Events
                                    </h6>
                                  </ForwardRef(Typography)>
                                </WithStyles(ForwardRef(Typography))>
                              </div>
                            </ForwardRef(Toolbar)>
                          </WithStyles(ForwardRef(Toolbar))>
                        </header>
                      </ForwardRef(Paper)>
                    </WithStyles(ForwardRef(Paper))>
                  </ForwardRef(AppBar)>
                </WithStyles(ForwardRef(AppBar))>
                <WithStyles(ForwardRef(List))
                  aria-label="main mailbox folders"
                  component="nav"
                  dense={true}
                >
                  <ForwardRef(List)
                    aria-label="main mailbox folders"
                    classes={
                      Object {
                        "dense": "MuiList-dense",
                        "padding": "MuiList-padding",
                        "root": "MuiList-root",
                        "subheader": "MuiList-subheader",
                      }
                    }
                    component="nav"
                    dense={true}
                  >
                    <nav
                      aria-label="main mailbox folders"
                      className="MuiList-root MuiList-dense MuiList-padding"
                    >
                      <Loader
                        color="#123abc"
                        css={
                          Object {
                            "map": undefined,
                            "name": "3u6ywd",
                            "next": undefined,
                            "styles": "
  display: block;
  margin: 0 auto;
  border-color: red;
",
                            "toString": [Function],
                          }
                        }
                        loading={true}
                        size={60}
                      >
                        <EmotionCssPropInternal
                          __EMOTION_TYPE_PLEASE_DO_NOT_USE__="div"
                          css={
                            Array [
                              Object {
                                "map": undefined,
                                "name": "ailvj2",
                                "next": undefined,
                                "styles": "
      position: relative;
      width: 60px;
      height: 60px;
    ",
                                "toString": [Function],
                              },
                              Object {
                                "map": undefined,
                                "name": "3u6ywd",
                                "next": undefined,
                                "styles": "
  display: block;
  margin: 0 auto;
  border-color: red;
",
                                "toString": [Function],
                              },
                            ]
                          }
                        >
                          <div
                            className="css-hxib3n"
                          >
                            <EmotionCssPropInternal
                              __EMOTION_TYPE_PLEASE_DO_NOT_USE__="div"
                              css={
                                Object {
                                  "map": undefined,
                                  "name": "riht0h",
                                  "next": Object {
                                    "name": "animation-66508u",
                                    "next": Object {
                                      "name": "animation-7w6l1j",
                                      "next": undefined,
                                      "styles": "@keyframes animation-7w6l1j{
  0%  {transform: scale(0)}
  100% {transform: scale(1.0)}
}",
                                    },
                                    "styles": "@keyframes animation-66508u{
  0%  {opacity: 1}
  100% {opacity: 0}
}",
                                  },
                                  "styles": "
      position: absolute;
      height: 60px;
      width: 60px;
      border: thick solid #123abc;
      border-radius: 50%;
      opacity: 1;
      top: 0;
      left: 0;
      animation-fill-mode: both;
      animation: animation-7w6l1j, animation-66508u;
      animation-duration: 2s;
      animation-iteration-count: infinite;
      animation-timing-function: cubic-bezier(0.165, 0.84, 0.44, 1), cubic-bezier(0.3, 0.61, 0.355, 1);
      animation-delay: -1s;
    ",
                                  "toString": [Function],
                                }
                              }
                            >
                              <div
                                className="css-riht0h"
                              />
                            </EmotionCssPropInternal>
                            <EmotionCssPropInternal
                              __EMOTION_TYPE_PLEASE_DO_NOT_USE__="div"
                              css={
                                Object {
                                  "map": undefined,
                                  "name": "13p1ws9",
                                  "next": Object {
                                    "name": "animation-66508u",
                                    "next": Object {
                                      "name": "animation-7w6l1j",
                                      "next": undefined,
                                      "styles": "@keyframes animation-7w6l1j{
  0%  {transform: scale(0)}
  100% {transform: scale(1.0)}
}",
                                    },
                                    "styles": "@keyframes animation-66508u{
  0%  {opacity: 1}
  100% {opacity: 0}
}",
                                  },
                                  "styles": "
      position: absolute;
      height: 60px;
      width: 60px;
      border: thick solid #123abc;
      border-radius: 50%;
      opacity: 1;
      top: 0;
      left: 0;
      animation-fill-mode: both;
      animation: animation-7w6l1j, animation-66508u;
      animation-duration: 2s;
      animation-iteration-count: infinite;
      animation-timing-function: cubic-bezier(0.165, 0.84, 0.44, 1), cubic-bezier(0.3, 0.61, 0.355, 1);
      animation-delay: 0s;
    ",
                                  "toString": [Function],
                                }
                              }
                            >
                              <div
                                className="css-13p1ws9"
                              />
                            </EmotionCssPropInternal>
                          </div>
                        </EmotionCssPropInternal>
                      </Loader>
                      <WithStyles(ForwardRef(ListItemText))
                        primary="Listening for events"
                        style={
                          Object {
                            "textAlign": "center",
                          }
                        }
                      >
                        <ForwardRef(ListItemText)
                          classes={
                            Object {
                              "dense": "MuiListItemText-dense",
                              "inset": "MuiListItemText-inset",
                              "multiline": "MuiListItemText-multiline",
                              "primary": "MuiListItemText-primary",
                              "root": "MuiListItemText-root",
                              "secondary": "MuiListItemText-secondary",
                            }
                          }
                          primary="Listening for events"
                          style={
                            Object {
                              "textAlign": "center",
                            }
                          }
                        >
                          <div
                            className="MuiListItemText-root MuiListItemText-dense"
                            style={
                              Object {
                                "textAlign": "center",
                              }
                            }
                          >
                            <WithStyles(ForwardRef(Typography))
                              className="MuiListItemText-primary"
                              component="span"
                              display="block"
                              variant="body2"
                            >
                              <ForwardRef(Typography)
                                className="MuiListItemText-primary"
                                classes={
                                  Object {
                                    "alignCenter": "MuiTypography-alignCenter",
                                    "alignJustify": "MuiTypography-alignJustify",
                                    "alignLeft": "MuiTypography-alignLeft",
                                    "alignRight": "MuiTypography-alignRight",
                                    "body1": "MuiTypography-body1",
                                    "body2": "MuiTypography-body2",
                                    "button": "MuiTypography-button",
                                    "caption": "MuiTypography-caption",
                                    "colorError": "MuiTypography-colorError",
                                    "colorInherit": "MuiTypography-colorInherit",
                                    "colorPrimary": "MuiTypography-colorPrimary",
                                    "colorSecondary": "MuiTypography-colorSecondary",
                                    "colorTextPrimary": "MuiTypography-colorTextPrimary",
                                    "colorTextSecondary": "MuiTypography-colorTextSecondary",
                                    "displayBlock": "MuiTypography-displayBlock",
                                    "displayInline": "MuiTypography-displayInline",
                                    "gutterBottom": "MuiTypography-gutterBottom",
                                    "h1": "MuiTypography-h1",
                                    "h2": "MuiTypography-h2",
                                    "h3": "MuiTypography-h3",
                                    "h4": "MuiTypography-h4",
                                    "h5": "MuiTypography-h5",
                                    "h6": "MuiTypography-h6",
                                    "noWrap": "MuiTypography-noWrap",
                                    "overline": "MuiTypography-overline",
                                    "paragraph": "MuiTypography-paragraph",
                                    "root": "MuiTypography-root",
                                    "srOnly": "MuiTypography-srOnly",
                                    "subtitle1": "MuiTypography-subtitle1",
                                    "subtitle2": "MuiTypography-subtitle2",
                                  }
                                }
                                component="span"
                                display="block"
                                variant="body2"
                              >
                                <span
                                  className="MuiTypography-root MuiListItemText-primary MuiTypography-body2 MuiTypography-displayBlock"
                                >
                                  Listening for events
                                </span>
                              </ForwardRef(Typography)>
                            </WithStyles(ForwardRef(Typography))>
                          </div>
                        </ForwardRef(ListItemText)>
                      </WithStyles(ForwardRef(ListItemText))>
                    </nav>
                  </ForwardRef(List)>
                </WithStyles(ForwardRef(List))>
              </div>
            </ForwardRef(Grid)>
          </WithStyles(ForwardRef(Grid))>
          <WithStyles(ForwardRef(Grid))
            className="makeStyles-grid-2"
            item={true}
            xs={8}
          >
            <ForwardRef(Grid)
              className="makeStyles-grid-2"
              classes={
                Object {
                  "align-content-xs-center": "MuiGrid-align-content-xs-center",
                  "align-content-xs-flex-end": "MuiGrid-align-content-xs-flex-end",
                  "align-content-xs-flex-start": "MuiGrid-align-content-xs-flex-start",
                  "align-content-xs-space-around": "MuiGrid-align-content-xs-space-around",
                  "align-content-xs-space-between": "MuiGrid-align-content-xs-space-between",
                  "align-items-xs-baseline": "MuiGrid-align-items-xs-baseline",
                  "align-items-xs-center": "MuiGrid-align-items-xs-center",
                  "align-items-xs-flex-end": "MuiGrid-align-items-xs-flex-end",
                  "align-items-xs-flex-start": "MuiGrid-align-items-xs-flex-start",
                  "container": "MuiGrid-container",
                  "direction-xs-column": "MuiGrid-direction-xs-column",
                  "direction-xs-column-reverse": "MuiGrid-direction-xs-column-reverse",
                  "direction-xs-row-reverse": "MuiGrid-direction-xs-row-reverse",
                  "grid-lg-1": "MuiGrid-grid-lg-1",
                  "grid-lg-10": "MuiGrid-grid-lg-10",
                  "grid-lg-11": "MuiGrid-grid-lg-11",
                  "grid-lg-12": "MuiGrid-grid-lg-12",
                  "grid-lg-2": "MuiGrid-grid-lg-2",
                  "grid-lg-3": "MuiGrid-grid-lg-3",
                  "grid-lg-4": "MuiGrid-grid-lg-4",
                  "grid-lg-5": "MuiGrid-grid-lg-5",
                  "grid-lg-6": "MuiGrid-grid-lg-6",
                  "grid-lg-7": "MuiGrid-grid-lg-7",
                  "grid-lg-8": "MuiGrid-grid-lg-8",
                  "grid-lg-9": "MuiGrid-grid-lg-9",
                  "grid-lg-auto": "MuiGrid-grid-lg-auto",
                  "grid-lg-true": "MuiGrid-grid-lg-true",
                  "grid-md-1": "MuiGrid-grid-md-1",
                  "grid-md-10": "MuiGrid-grid-md-10",
                  "grid-md-11": "MuiGrid-grid-md-11",
                  "grid-md-12": "MuiGrid-grid-md-12",
                  "grid-md-2": "MuiGrid-grid-md-2",
                  "grid-md-3": "MuiGrid-grid-md-3",
                  "grid-md-4": "MuiGrid-grid-md-4",
                  "grid-md-5": "MuiGrid-grid-md-5",
                  "grid-md-6": "MuiGrid-grid-md-6",
                  "grid-md-7": "MuiGrid-grid-md-7",
                  "grid-md-8": "MuiGrid-grid-md-8",
                  "grid-md-9": "MuiGrid-grid-md-9",
                  "grid-md-auto": "MuiGrid-grid-md-auto",
                  "grid-md-true": "MuiGrid-grid-md-true",
                  "grid-sm-1": "MuiGrid-grid-sm-1",
                  "grid-sm-10": "MuiGrid-grid-sm-10",
                  "grid-sm-11": "MuiGrid-grid-sm-11",
                  "grid-sm-12": "MuiGrid-grid-sm-12",
                  "grid-sm-2": "MuiGrid-grid-sm-2",
                  "grid-sm-3": "MuiGrid-grid-sm-3",
                  "grid-sm-4": "MuiGrid-grid-sm-4",
                  "grid-sm-5": "MuiGrid-grid-sm-5",
                  "grid-sm-6": "MuiGrid-grid-sm-6",
                  "grid-sm-7": "MuiGrid-grid-sm-7",
                  "grid-sm-8": "MuiGrid-grid-sm-8",
                  "grid-sm-9": "MuiGrid-grid-sm-9",
                  "grid-sm-auto": "MuiGrid-grid-sm-auto",
                  "grid-sm-true": "MuiGrid-grid-sm-true",
                  "grid-xl-1": "MuiGrid-grid-xl-1",
                  "grid-xl-10": "MuiGrid-grid-xl-10",
                  "grid-xl-11": "MuiGrid-grid-xl-11",
                  "grid-xl-12": "MuiGrid-grid-xl-12",
                  "grid-xl-2": "MuiGrid-grid-xl-2",
                  "grid-xl-3": "MuiGrid-grid-xl-3",
                  "grid-xl-4": "MuiGrid-grid-xl-4",
                  "grid-xl-5": "MuiGrid-grid-xl-5",
                  "grid-xl-6": "MuiGrid-grid-xl-6",
                  "grid-xl-7": "MuiGrid-grid-xl-7",
                  "grid-xl-8": "MuiGrid-grid-xl-8",
                  "grid-xl-9": "MuiGrid-grid-xl-9",
                  "grid-xl-auto": "MuiGrid-grid-xl-auto",
                  "grid-xl-true": "MuiGrid-grid-xl-true",
                  "grid-xs-1": "MuiGrid-grid-xs-1",
                  "grid-xs-10": "MuiGrid-grid-xs-10",
                  "grid-xs-11": "MuiGrid-grid-xs-11",
                  "grid-xs-12": "MuiGrid-grid-xs-12",
                  "grid-xs-2": "MuiGrid-grid-xs-2",
                  "grid-xs-3": "MuiGrid-grid-xs-3",
                  "grid-xs-4": "MuiGrid-grid-xs-4",
                  "grid-xs-5": "MuiGrid-grid-xs-5",
                  "grid-xs-6": "MuiGrid-grid-xs-6",
                  "grid-xs-7": "MuiGrid-grid-xs-7",
                  "grid-xs-8": "MuiGrid-grid-xs-8",
                  "grid-xs-9": "MuiGrid-grid-xs-9",
                  "grid-xs-auto": "MuiGrid-grid-xs-auto",
                  "grid-xs-true": "MuiGrid-grid-xs-true",
                  "item": "MuiGrid-item",
                  "justify-xs-center": "MuiGrid-justify-xs-center",
                  "justify-xs-flex-end": "MuiGrid-justify-xs-flex-end",
                  "justify-xs-space-around": "MuiGrid-justify-xs-space-around",
                  "justify-xs-space-between": "MuiGrid-justify-xs-space-between",
                  "justify-xs-space-evenly": "MuiGrid-justify-xs-space-evenly",
                  "root": "MuiGrid-root",
                  "spacing-xs-1": "MuiGrid-spacing-xs-1",
                  "spacing-xs-10": "MuiGrid-spacing-xs-10",
                  "spacing-xs-2": "MuiGrid-spacing-xs-2",
                  "spacing-xs-3": "MuiGrid-spacing-xs-3",
                  "spacing-xs-4": "MuiGrid-spacing-xs-4",
                  "spacing-xs-5": "MuiGrid-spacing-xs-5",
                  "spacing-xs-6": "MuiGrid-spacing-xs-6",
                  "spacing-xs-7": "MuiGrid-spacing-xs-7",
                  "spacing-xs-8": "MuiGrid-spacing-xs-8",
                  "spacing-xs-9": "MuiGrid-spacing-xs-9",
                  "wrap-xs-nowrap": "MuiGrid-wrap-xs-nowrap",
                  "wrap-xs-wrap-reverse": "MuiGrid-wrap-xs-wrap-reverse",
                  "zeroMinWidth": "MuiGrid-zeroMinWidth",
                }
              }
              item={true}
              xs={8}
            >
              <div
                className="MuiGrid-root makeStyles-grid-2 MuiGrid-item MuiGrid-grid-xs-8"
              >
                <WithStyles(ForwardRef(AppBar))
                  position="static"
                >
                  <ForwardRef(AppBar)
                    classes={
                      Object {
                        "colorDefault": "MuiAppBar-colorDefault",
                        "colorInherit": "MuiAppBar-colorInherit",
                        "colorPrimary": "MuiAppBar-colorPrimary",
                        "colorSecondary": "MuiAppBar-colorSecondary",
                        "colorTransparent": "MuiAppBar-colorTransparent",
                        "positionAbsolute": "MuiAppBar-positionAbsolute",
                        "positionFixed": "MuiAppBar-positionFixed",
                        "positionRelative": "MuiAppBar-positionRelative",
                        "positionStatic": "MuiAppBar-positionStatic",
                        "positionSticky": "MuiAppBar-positionSticky",
                        "root": "MuiAppBar-root",
                      }
                    }
                    position="static"
                  >
                    <WithStyles(ForwardRef(Paper))
                      className="MuiAppBar-root MuiAppBar-positionStatic MuiAppBar-colorPrimary"
                      component="header"
                      elevation={4}
                      square={true}
                    >
                      <ForwardRef(Paper)
                        className="MuiAppBar-root MuiAppBar-positionStatic MuiAppBar-colorPrimary"
                        classes={
                          Object {
                            "elevation0": "MuiPaper-elevation0",
                            "elevation1": "MuiPaper-elevation1",
                            "elevation10": "MuiPaper-elevation10",
                            "elevation11": "MuiPaper-elevation11",
                            "elevation12": "MuiPaper-elevation12",
                            "elevation13": "MuiPaper-elevation13",
                            "elevation14": "MuiPaper-elevation14",
                            "elevation15": "MuiPaper-elevation15",
                            "elevation16": "MuiPaper-elevation16",
                            "elevation17": "MuiPaper-elevation17",
                            "elevation18": "MuiPaper-elevation18",
                            "elevation19": "MuiPaper-elevation19",
                            "elevation2": "MuiPaper-elevation2",
                            "elevation20": "MuiPaper-elevation20",
                            "elevation21": "MuiPaper-elevation21",
                            "elevation22": "MuiPaper-elevation22",
                            "elevation23": "MuiPaper-elevation23",
                            "elevation24": "MuiPaper-elevation24",
                            "elevation3": "MuiPaper-elevation3",
                            "elevation4": "MuiPaper-elevation4",
                            "elevation5": "MuiPaper-elevation5",
                            "elevation6": "MuiPaper-elevation6",
                            "elevation7": "MuiPaper-elevation7",
                            "elevation8": "MuiPaper-elevation8",
                            "elevation9": "MuiPaper-elevation9",
                            "outlined": "MuiPaper-outlined",
                            "root": "MuiPaper-root",
                            "rounded": "MuiPaper-rounded",
                          }
                        }
                        component="header"
                        elevation={4}
                        square={true}
                      >
                        <header
                          className="MuiPaper-root MuiAppBar-root MuiAppBar-positionStatic MuiAppBar-colorPrimary MuiPaper-elevation4"
                        >
                          <WithStyles(ForwardRef(Toolbar))>
                            <ForwardRef(Toolbar)
                              classes={
                                Object {
                                  "dense": "MuiToolbar-dense",
                                  "gutters": "MuiToolbar-gutters",
                                  "regular": "MuiToolbar-regular",
                                  "root": "MuiToolbar-root",
                                }
                              }
                            >
                              <div
                                className="MuiToolbar-root MuiToolbar-regular MuiToolbar-gutters"
                              >
                                <WithStyles(ForwardRef(Typography))
                                  className="makeStyles-titles-4"
                                  color="inherit"
                                  variant="subtitle2"
                                >
                                  <ForwardRef(Typography)
                                    className="makeStyles-titles-4"
                                    classes={
                                      Object {
                                        "alignCenter": "MuiTypography-alignCenter",
                                        "alignJustify": "MuiTypography-alignJustify",
                                        "alignLeft": "MuiTypography-alignLeft",
                                        "alignRight": "MuiTypography-alignRight",
                                        "body1": "MuiTypography-body1",
                                        "body2": "MuiTypography-body2",
                                        "button": "MuiTypography-button",
                                        "caption": "MuiTypography-caption",
                                        "colorError": "MuiTypography-colorError",
                                        "colorInherit": "MuiTypography-colorInherit",
                                        "colorPrimary": "MuiTypography-colorPrimary",
                                        "colorSecondary": "MuiTypography-colorSecondary",
                                        "colorTextPrimary": "MuiTypography-colorTextPrimary",
                                        "colorTextSecondary": "MuiTypography-colorTextSecondary",
                                        "displayBlock": "MuiTypography-displayBlock",
                                        "displayInline": "MuiTypography-displayInline",
                                        "gutterBottom": "MuiTypography-gutterBottom",
                                        "h1": "MuiTypography-h1",
                                        "h2": "MuiTypography-h2",
                                        "h3": "MuiTypography-h3",
                                        "h4": "MuiTypography-h4",
                                        "h5": "MuiTypography-h5",
                                        "h6": "MuiTypography-h6",
                                        "noWrap": "MuiTypography-noWrap",
                                        "overline": "MuiTypography-overline",
                                        "paragraph": "MuiTypography-paragraph",
                                        "root": "MuiTypography-root",
                                        "srOnly": "MuiTypography-srOnly",
                                        "subtitle1": "MuiTypography-subtitle1",
                                        "subtitle2": "MuiTypography-subtitle2",
                                      }
                                    }
                                    color="inherit"
                                    variant="subtitle2"
                                  >
                                    <h6
                                      className="MuiTypography-root makeStyles-titles-4 MuiTypography-subtitle2 MuiTypography-colorInherit"
                                    >
                                      Resolver Times
                                    </h6>
                                  </ForwardRef(Typography)>
                                </WithStyles(ForwardRef(Typography))>
                              </div>
                            </ForwardRef(Toolbar)>
                          </WithStyles(ForwardRef(Toolbar))>
                        </header>
                      </ForwardRef(Paper)>
                    </WithStyles(ForwardRef(Paper))>
                  </ForwardRef(AppBar)>
                </WithStyles(ForwardRef(AppBar))>
                <TracingDetails
                  eventSelected={false}
                  tracing={
                    Object {
                      "duration": "",
                      "resolvers": Object {},
                      "traceInfo": "",
                    }
                  }
                >
                  <WithStyles(ForwardRef(List))
                    aria-label="main mailbox folders"
                    component="nav"
                    dense={true}
                  >
                    <ForwardRef(List)
                      aria-label="main mailbox folders"
                      classes={
                        Object {
                          "dense": "MuiList-dense",
                          "padding": "MuiList-padding",
                          "root": "MuiList-root",
                          "subheader": "MuiList-subheader",
                        }
                      }
                      component="nav"
                      dense={true}
                    >
                      <nav
                        aria-label="main mailbox folders"
                        className="MuiList-root MuiList-dense MuiList-padding"
                      >
                        <WithStyles(ForwardRef(Card))
                          className="makeStyles-cards-8 makeStyles-cards-11"
                        >
                          <ForwardRef(Card)
                            className="makeStyles-cards-8 makeStyles-cards-11"
                            classes={
                              Object {
                                "root": "MuiCard-root",
                              }
                            }
                          >
                            <WithStyles(ForwardRef(Paper))
                              className="MuiCard-root makeStyles-cards-8 makeStyles-cards-11"
                              elevation={1}
                            >
                              <ForwardRef(Paper)
                                className="MuiCard-root makeStyles-cards-8 makeStyles-cards-11"
                                classes={
                                  Object {
                                    "elevation0": "MuiPaper-elevation0",
                                    "elevation1": "MuiPaper-elevation1",
                                    "elevation10": "MuiPaper-elevation10",
                                    "elevation11": "MuiPaper-elevation11",
                                    "elevation12": "MuiPaper-elevation12",
                                    "elevation13": "MuiPaper-elevation13",
                                    "elevation14": "MuiPaper-elevation14",
                                    "elevation15": "MuiPaper-elevation15",
                                    "elevation16": "MuiPaper-elevation16",
                                    "elevation17": "MuiPaper-elevation17",
                                    "elevation18": "MuiPaper-elevation18",
                                    "elevation19": "MuiPaper-elevation19",
                                    "elevation2": "MuiPaper-elevation2",
                                    "elevation20": "MuiPaper-elevation20",
                                    "elevation21": "MuiPaper-elevation21",
                                    "elevation22": "MuiPaper-elevation22",
                                    "elevation23": "MuiPaper-elevation23",
                                    "elevation24": "MuiPaper-elevation24",
                                    "elevation3": "MuiPaper-elevation3",
                                    "elevation4": "MuiPaper-elevation4",
                                    "elevation5": "MuiPaper-elevation5",
                                    "elevation6": "MuiPaper-elevation6",
                                    "elevation7": "MuiPaper-elevation7",
                                    "elevation8": "MuiPaper-elevation8",
                                    "elevation9": "MuiPaper-elevation9",
                                    "outlined": "MuiPaper-outlined",
                                    "root": "MuiPaper-root",
                                    "rounded": "MuiPaper-rounded",
                                  }
                                }
                                elevation={1}
                              >
                                <div
                                  className="MuiPaper-root MuiCard-root makeStyles-cards-8 makeStyles-cards-11 MuiPaper-elevation1 MuiPaper-rounded"
                                >
                                  <WithStyles(ForwardRef(CardContent))>
                                    <ForwardRef(CardContent)
                                      classes={
                                        Object {
                                          "root": "MuiCardContent-root",
                                        }
                                      }
                                    >
                                      <div
                                        className="MuiCardContent-root"
                                      >
                                        <ArrowChip>
                                          <div
                                            className="makeStyles-chipDiv-12"
                                          >
                                            <WithStyles(ForwardRef(Chip))
                                              avatar={
                                                <WithStyles(ForwardRef(Avatar))>
                                                  <Memo(ArrowBackIcon) />
                                                </WithStyles(ForwardRef(Avatar))>
                                              }
                                              className="makeStyles-chip-13 makeStyles-chip-14"
                                              label="Select a Network Event to see resolver times"
                                              variant="outlined"
                                            >
                                              <ForwardRef(Chip)
                                                avatar={
                                                  <WithStyles(ForwardRef(Avatar))>
                                                    <Memo(ArrowBackIcon) />
                                                  </WithStyles(ForwardRef(Avatar))>
                                                }
                                                className="makeStyles-chip-13 makeStyles-chip-14"
                                                classes={
                                                  Object {
                                                    "avatar": "MuiChip-avatar",
                                                    "avatarColorPrimary": "MuiChip-avatarColorPrimary",
                                                    "avatarColorSecondary": "MuiChip-avatarColorSecondary",
                                                    "avatarSmall": "MuiChip-avatarSmall",
                                                    "clickable": "MuiChip-clickable",
                                                    "clickableColorPrimary": "MuiChip-clickableColorPrimary",
                                                    "clickableColorSecondary": "MuiChip-clickableColorSecondary",
                                                    "colorPrimary": "MuiChip-colorPrimary",
                                                    "colorSecondary": "MuiChip-colorSecondary",
                                                    "deletable": "MuiChip-deletable",
                                                    "deletableColorPrimary": "MuiChip-deletableColorPrimary",
                                                    "deletableColorSecondary": "MuiChip-deletableColorSecondary",
                                                    "deleteIcon": "MuiChip-deleteIcon",
                                                    "deleteIconColorPrimary": "MuiChip-deleteIconColorPrimary",
                                                    "deleteIconColorSecondary": "MuiChip-deleteIconColorSecondary",
                                                    "deleteIconOutlinedColorPrimary": "MuiChip-deleteIconOutlinedColorPrimary",
                                                    "deleteIconOutlinedColorSecondary": "MuiChip-deleteIconOutlinedColorSecondary",
                                                    "deleteIconSmall": "MuiChip-deleteIconSmall",
                                                    "disabled": "Mui-disabled",
                                                    "icon": "MuiChip-icon",
                                                    "iconColorPrimary": "MuiChip-iconColorPrimary",
                                                    "iconColorSecondary": "MuiChip-iconColorSecondary",
                                                    "iconSmall": "MuiChip-iconSmall",
                                                    "label": "MuiChip-label",
                                                    "labelSmall": "MuiChip-labelSmall",
                                                    "outlined": "MuiChip-outlined",
                                                    "outlinedPrimary": "MuiChip-outlinedPrimary",
                                                    "outlinedSecondary": "MuiChip-outlinedSecondary",
                                                    "root": "MuiChip-root",
                                                    "sizeSmall": "MuiChip-sizeSmall",
                                                  }
                                                }
                                                label="Select a Network Event to see resolver times"
                                                variant="outlined"
                                              >
                                                <div
                                                  className="MuiChip-root makeStyles-chip-13 makeStyles-chip-14 MuiChip-outlined"
                                                  onKeyDown={[Function]}
                                                  onKeyUp={[Function]}
                                                >
                                                  <WithStyles(ForwardRef(Avatar))
                                                    className="MuiChip-avatar"
                                                  >
                                                    <ForwardRef(Avatar)
                                                      className="MuiChip-avatar"
                                                      classes={
                                                        Object {
                                                          "circle": "MuiAvatar-circle",
                                                          "colorDefault": "MuiAvatar-colorDefault",
                                                          "fallback": "MuiAvatar-fallback",
                                                          "img": "MuiAvatar-img",
                                                          "root": "MuiAvatar-root",
                                                          "rounded": "MuiAvatar-rounded",
                                                          "square": "MuiAvatar-square",
                                                        }
                                                      }
                                                    >
                                                      <div
                                                        className="MuiAvatar-root MuiAvatar-circle MuiChip-avatar MuiAvatar-colorDefault"
                                                      >
                                                        <ForwardRef>
                                                          <WithStyles(ForwardRef(SvgIcon))>
                                                            <ForwardRef(SvgIcon)
                                                              classes={
                                                                Object {
                                                                  "colorAction": "MuiSvgIcon-colorAction",
                                                                  "colorDisabled": "MuiSvgIcon-colorDisabled",
                                                                  "colorError": "MuiSvgIcon-colorError",
                                                                  "colorPrimary": "MuiSvgIcon-colorPrimary",
                                                                  "colorSecondary": "MuiSvgIcon-colorSecondary",
                                                                  "fontSizeInherit": "MuiSvgIcon-fontSizeInherit",
                                                                  "fontSizeLarge": "MuiSvgIcon-fontSizeLarge",
                                                                  "fontSizeSmall": "MuiSvgIcon-fontSizeSmall",
                                                                  "root": "MuiSvgIcon-root",
                                                                }
                                                              }
                                                            >
                                                              <svg
                                                                aria-hidden={true}
                                                                className="MuiSvgIcon-root"
                                                                focusable="false"
                                                                viewBox="0 0 24 24"
                                                              >
                                                                <path
                                                                  d="M20 11H7.83l5.59-5.59L12 4l-8 8 8 8 1.41-1.41L7.83 13H20v-2z"
                                                                />
                                                              </svg>
                                                            </ForwardRef(SvgIcon)>
                                                          </WithStyles(ForwardRef(SvgIcon))>
                                                        </ForwardRef>
                                                      </div>
                                                    </ForwardRef(Avatar)>
                                                  </WithStyles(ForwardRef(Avatar))>
                                                  <span
                                                    className="MuiChip-label"
                                                  >
                                                    Select a Network Event to see resolver times
                                                  </span>
                                                </div>
                                              </ForwardRef(Chip)>
                                            </WithStyles(ForwardRef(Chip))>
                                          </div>
                                        </ArrowChip>
                                      </div>
                                    </ForwardRef(CardContent)>
                                  </WithStyles(ForwardRef(CardContent))>
                                </div>
                              </ForwardRef(Paper)>
                            </WithStyles(ForwardRef(Paper))>
                          </ForwardRef(Card)>
                        </WithStyles(ForwardRef(Card))>
                        <WithStyles(ForwardRef(AppBar))
                          position="static"
                        >
                          <ForwardRef(AppBar)
                            classes={
                              Object {
                                "colorDefault": "MuiAppBar-colorDefault",
                                "colorInherit": "MuiAppBar-colorInherit",
                                "colorPrimary": "MuiAppBar-colorPrimary",
                                "colorSecondary": "MuiAppBar-colorSecondary",
                                "colorTransparent": "MuiAppBar-colorTransparent",
                                "positionAbsolute": "MuiAppBar-positionAbsolute",
                                "positionFixed": "MuiAppBar-positionFixed",
                                "positionRelative": "MuiAppBar-positionRelative",
                                "positionStatic": "MuiAppBar-positionStatic",
                                "positionSticky": "MuiAppBar-positionSticky",
                                "root": "MuiAppBar-root",
                              }
                            }
                            position="static"
                          >
                            <WithStyles(ForwardRef(Paper))
                              className="MuiAppBar-root MuiAppBar-positionStatic MuiAppBar-colorPrimary"
                              component="header"
                              elevation={4}
                              square={true}
                            >
                              <ForwardRef(Paper)
                                className="MuiAppBar-root MuiAppBar-positionStatic MuiAppBar-colorPrimary"
                                classes={
                                  Object {
                                    "elevation0": "MuiPaper-elevation0",
                                    "elevation1": "MuiPaper-elevation1",
                                    "elevation10": "MuiPaper-elevation10",
                                    "elevation11": "MuiPaper-elevation11",
                                    "elevation12": "MuiPaper-elevation12",
                                    "elevation13": "MuiPaper-elevation13",
                                    "elevation14": "MuiPaper-elevation14",
                                    "elevation15": "MuiPaper-elevation15",
                                    "elevation16": "MuiPaper-elevation16",
                                    "elevation17": "MuiPaper-elevation17",
                                    "elevation18": "MuiPaper-elevation18",
                                    "elevation19": "MuiPaper-elevation19",
                                    "elevation2": "MuiPaper-elevation2",
                                    "elevation20": "MuiPaper-elevation20",
                                    "elevation21": "MuiPaper-elevation21",
                                    "elevation22": "MuiPaper-elevation22",
                                    "elevation23": "MuiPaper-elevation23",
                                    "elevation24": "MuiPaper-elevation24",
                                    "elevation3": "MuiPaper-elevation3",
                                    "elevation4": "MuiPaper-elevation4",
                                    "elevation5": "MuiPaper-elevation5",
                                    "elevation6": "MuiPaper-elevation6",
                                    "elevation7": "MuiPaper-elevation7",
                                    "elevation8": "MuiPaper-elevation8",
                                    "elevation9": "MuiPaper-elevation9",
                                    "outlined": "MuiPaper-outlined",
                                    "root": "MuiPaper-root",
                                    "rounded": "MuiPaper-rounded",
                                  }
                                }
                                component="header"
                                elevation={4}
                                square={true}
                              >
                                <header
                                  className="MuiPaper-root MuiAppBar-root MuiAppBar-positionStatic MuiAppBar-colorPrimary MuiPaper-elevation4"
                                >
                                  <WithStyles(ForwardRef(Toolbar))>
                                    <ForwardRef(Toolbar)
                                      classes={
                                        Object {
                                          "dense": "MuiToolbar-dense",
                                          "gutters": "MuiToolbar-gutters",
                                          "regular": "MuiToolbar-regular",
                                          "root": "MuiToolbar-root",
                                        }
                                      }
                                    >
                                      <div
                                        className="MuiToolbar-root MuiToolbar-regular MuiToolbar-gutters"
                                      >
                                        <WithStyles(ForwardRef(Typography))
                                          className="makeStyles-titles-7"
                                          color="inherit"
                                          variant="subtitle2"
                                        >
                                          <ForwardRef(Typography)
                                            className="makeStyles-titles-7"
                                            classes={
                                              Object {
                                                "alignCenter": "MuiTypography-alignCenter",
                                                "alignJustify": "MuiTypography-alignJustify",
                                                "alignLeft": "MuiTypography-alignLeft",
                                                "alignRight": "MuiTypography-alignRight",
                                                "body1": "MuiTypography-body1",
                                                "body2": "MuiTypography-body2",
                                                "button": "MuiTypography-button",
                                                "caption": "MuiTypography-caption",
                                                "colorError": "MuiTypography-colorError",
                                                "colorInherit": "MuiTypography-colorInherit",
                                                "colorPrimary": "MuiTypography-colorPrimary",
                                                "colorSecondary": "MuiTypography-colorSecondary",
                                                "colorTextPrimary": "MuiTypography-colorTextPrimary",
                                                "colorTextSecondary": "MuiTypography-colorTextSecondary",
                                                "displayBlock": "MuiTypography-displayBlock",
                                                "displayInline": "MuiTypography-displayInline",
                                                "gutterBottom": "MuiTypography-gutterBottom",
                                                "h1": "MuiTypography-h1",
                                                "h2": "MuiTypography-h2",
                                                "h3": "MuiTypography-h3",
                                                "h4": "MuiTypography-h4",
                                                "h5": "MuiTypography-h5",
                                                "h6": "MuiTypography-h6",
                                                "noWrap": "MuiTypography-noWrap",
                                                "overline": "MuiTypography-overline",
                                                "paragraph": "MuiTypography-paragraph",
                                                "root": "MuiTypography-root",
                                                "srOnly": "MuiTypography-srOnly",
                                                "subtitle1": "MuiTypography-subtitle1",
                                                "subtitle2": "MuiTypography-subtitle2",
                                              }
                                            }
                                            color="inherit"
                                            variant="subtitle2"
                                          >
                                            <h6
                                              className="MuiTypography-root makeStyles-titles-7 MuiTypography-subtitle2 MuiTypography-colorInherit"
                                            >
                                              Individual Resolver Times
                                            </h6>
                                          </ForwardRef(Typography)>
                                        </WithStyles(ForwardRef(Typography))>
                                      </div>
                                    </ForwardRef(Toolbar)>
                                  </WithStyles(ForwardRef(Toolbar))>
                                </header>
                              </ForwardRef(Paper)>
                            </WithStyles(ForwardRef(Paper))>
                          </ForwardRef(AppBar)>
                        </WithStyles(ForwardRef(AppBar))>
                        <WithStyles(ForwardRef(Divider))>
                          <ForwardRef(Divider)
                            classes={
                              Object {
                                "absolute": "MuiDivider-absolute",
                                "flexItem": "MuiDivider-flexItem",
                                "inset": "MuiDivider-inset",
                                "light": "MuiDivider-light",
                                "middle": "MuiDivider-middle",
                                "root": "MuiDivider-root",
                                "vertical": "MuiDivider-vertical",
                              }
                            }
                          >
                            <hr
                              className="MuiDivider-root"
                            />
                          </ForwardRef(Divider)>
                        </WithStyles(ForwardRef(Divider))>
                      </nav>
                    </ForwardRef(List)>
                  </WithStyles(ForwardRef(List))>
                </TracingDetails>
              </div>
            </ForwardRef(Grid)>
          </WithStyles(ForwardRef(Grid))>
        </div>
      </ForwardRef(Grid)>
    </WithStyles(ForwardRef(Grid))>
  </div>
</Performance>
`;
